=========================================================
SR Training 150 Started
Time: Sat Apr 25 05:21:42 PM IST 2026
Node: gpu01
=========================================================
Working directory: /home/sushil.ghildiyal/Minor_Satellite_SR_Nimit_Rachit_Dhananjay
Python path: /bin/python
========== GPU INFO ==========
Sat Apr 25 17:21:43 2026       
+-----------------------------------------------------------------------------------------+
| NVIDIA-SMI 570.124.06             Driver Version: 570.124.06     CUDA Version: 12.8     |
|-----------------------------------------+------------------------+----------------------+
| GPU  Name                 Persistence-M | Bus-Id          Disp.A | Volatile Uncorr. ECC |
| Fan  Temp   Perf          Pwr:Usage/Cap |           Memory-Usage | GPU-Util  Compute M. |
|                                         |                        |               MIG M. |
|=========================================+========================+======================|
|   0  NVIDIA H100 80GB HBM3          Off |   00000000:0A:00.0 Off |                    0 |
| N/A   67C    P0            594W /  700W |   67033MiB /  81559MiB |    100%      Default |
|                                         |                        |             Disabled |
+-----------------------------------------+------------------------+----------------------+
|   1  NVIDIA H100 80GB HBM3          Off |   00000000:18:00.0 Off |                    0 |
| N/A   54C    P0            526W /  700W |   50301MiB /  81559MiB |     94%      Default |
|                                         |                        |             Disabled |
+-----------------------------------------+------------------------+----------------------+
|   2  NVIDIA H100 80GB HBM3          Off |   00000000:3B:00.0 Off |                    0 |
| N/A   34C    P0            176W /  700W |   67136MiB /  81559MiB |     45%      Default |
|                                         |                        |             Disabled |
+-----------------------------------------+------------------------+----------------------+
|   3  NVIDIA H100 80GB HBM3          Off |   00000000:44:00.0 Off |                    0 |
| N/A   42C    P0             71W /  700W |       4MiB /  81559MiB |      0%      Default |
|                                         |                        |             Disabled |
+-----------------------------------------+------------------------+----------------------+
|   4  NVIDIA H100 80GB HBM3          Off |   00000000:87:00.0 Off |                    0 |
| N/A   29C    P0             72W /  700W |       4MiB /  81559MiB |      0%      Default |
|                                         |                        |             Disabled |
+-----------------------------------------+------------------------+----------------------+
|   5  NVIDIA H100 80GB HBM3          Off |   00000000:90:00.0 Off |                    0 |
| N/A   28C    P0             69W /  700W |       4MiB /  81559MiB |      0%      Default |
|                                         |                        |             Disabled |
+-----------------------------------------+------------------------+----------------------+
|   6  NVIDIA H100 80GB HBM3          Off |   00000000:B9:00.0 Off |                    0 |
| N/A   26C    P0             70W /  700W |       4MiB /  81559MiB |      0%      Default |
|                                         |                        |             Disabled |
+-----------------------------------------+------------------------+----------------------+
|   7  NVIDIA H100 80GB HBM3          Off |   00000000:C2:00.0 Off |                    0 |
| N/A   31C    P0             69W /  700W |       4MiB /  81559MiB |      0%      Default |
|                                         |                        |             Disabled |
+-----------------------------------------+------------------------+----------------------+
                                                                                         
+-----------------------------------------------------------------------------------------+
| Processes:                                                                              |
|  GPU   GI   CI              PID   Type   Process name                        GPU Memory |
|        ID   ID                                                               Usage      |
|=========================================================================================|
|    0   N/A  N/A          290194      C   python                                 8954MiB |
|    0   N/A  N/A          475772      C   python3                               58060MiB |
|    1   N/A  N/A          326568      C   python                                26070MiB |
|    1   N/A  N/A          479484      C   python                                24216MiB |
|    2   N/A  N/A          479483      C   python                                67126MiB |
+-----------------------------------------------------------------------------------------+
==============================
Starting training...
Starting fresh...
Training started
Using device: cuda
/home/soft/anaconda3/envs/pytorch-gpu/lib/python3.10/site-packages/torch/cuda/__init__.py:145: UserWarning: 
NVIDIA H100 80GB HBM3 with CUDA capability sm_90 is not compatible with the current PyTorch installation.
The current PyTorch install supports CUDA capabilities sm_35 sm_50 sm_60 sm_61 sm_70 sm_75 sm_80 sm_86 compute_50.
If you want to use the NVIDIA H100 80GB HBM3 GPU with PyTorch, please check the instructions at https://pytorch.org/get-started/locally/

  warnings.warn(incompatible_device_warn.format(device_name, capability, " ".join(arch_list), device_name))
GPU: NVIDIA H100 80GB HBM3
Saving outputs to: experiments/run_150_epochs
libpng error: Read Error
libpng error: Read Error
libpng error: Read Error
libpng error: Read Error
libpng error: Read Error
libpng error: Read Error
libpng error: Read Error
libpng error: Read Error
libpng error: Read Error
libpng error: Read Error
libpng error: Read Error
libpng error: Read Error
libpng error: Read Error
libpng error: Read Error
libpng error: Read Error
libpng error: Read Error
libpng error: Read Error
libpng error: Read Error
libpng error: Read Error
libpng error: Read Error
libpng error: Read Error
libpng error: Read Error
libpng error: Read Error
libpng error: Read Error
libpng error: Read Error
libpng error: Read Error
libpng error: Read Error
libpng error: Read Error
libpng error: Read Error
libpng error: Read Error
libpng error: Read Error
libpng error: Read Error
libpng error: Read Error
libpng error: Read Error
libpng error: Read Error
libpng error: Read Error
libpng error: Read Error
libpng error: Read Error
libpng error: Read Error
libpng error: Read Error
libpng error: Read Error
libpng error: Read Error
libpng error: Read Error
libpng error: Read Error
libpng error: Read Error
libpng error: Read Error
libpng error: Read Error
libpng error: Read Error
libpng error: Read Error
libpng error: Read Error
libpng error: Read Error
libpng error: Read Error
libpng error: Read Error
libpng error: Read Error
libpng error: Read Error
libpng error: Read Error
libpng error: Read Error
libpng error: Read Error
libpng error: Read Error
libpng error: Read Error
libpng error: Read Error
libpng error: Read Error
libpng error: Read Error
libpng error: Read Error
libpng error: Read Error
libpng error: Read Error
libpng error: Read Error
libpng error: Read Error
libpng error: Read Error
libpng error: Read Error
libpng error: Read Error
libpng error: Read Error
libpng error: Read Error
libpng error: Read Error
libpng error: Read Error
libpng error: Read Error
libpng error: Read Error
libpng error: Read Error
libpng error: Read Error
libpng error: Read Error
libpng error: Read Error
libpng error: Read Error
libpng error: Read Error
libpng error: Read Error
libpng error: Read Error
libpng error: Read Error
libpng error: Read Error
libpng error: Read Error
libpng error: Read Error
libpng error: Read Error
libpng error: Read Error
libpng error: Read Error
libpng error: Read Error
libpng error: Read Error
libpng error: Read Error
libpng error: Read Error
libpng error: Read Error
libpng error: Read Error
libpng error: Read Error
libpng error: Read Error
libpng error: Read Error
libpng error: Read Error
libpng error: Read Error
libpng error: Read Error
libpng error: Read Error
libpng error: Read Error
libpng error: Read Error
libpng error: Read Error
libpng error: Read Error
libpng error: Read Error
libpng error: Read Error
libpng error: Read Error
libpng error: Read Error
libpng error: Read Error
libpng error: Read Error
libpng error: Read Error
libpng error: Read Error
libpng error: Read Error
libpng error: Read Error
libpng error: Read Error
libpng error: Read Error
libpng error: Read Error
libpng error: Read Error
libpng error: Read Error
libpng error: Read Error
libpng error: Read Error
libpng error: Read Error
libpng error: Read Error
libpng error: Read Error
libpng error: Read Error
libpng error: Read Error
libpng error: Read Error
libpng error: Read Error
libpng error: Read Error
libpng error: Read Error
libpng error: Read Error
libpng error: Read Error
libpng error: Read Error
libpng error: Read Error
libpng error: Read Error
libpng error: Read Error
libpng error: Read Error
libpng error: Read Error
libpng error: Read Error
libpng error: Read Error
libpng error: Read Error
libpng error: Read Error
libpng error: Read Error
libpng error: Read Error
libpng error: Read Error
libpng error: Read Error
libpng error: Read Error
libpng error: Read Error
libpng error: Read Error
libpng error: Read Error
libpng error: Read Error
libpng error: Read Error
libpng error: Read Error
libpng error: Read Error
libpng error: Read Error
libpng error: Read Error
libpng error: Read Error
libpng error: Read Error
libpng error: Read Error
libpng error: Read Error
libpng error: Read Error
libpng error: Read Error
libpng error: Read Error
libpng error: Read Error
libpng error: Read Error
libpng error: Read Error
libpng error: Read Error
libpng error: Read Error
libpng error: Read Error
libpng error: Read Error
libpng error: Read Error
libpng error: Read Error
libpng error: Read Error
libpng error: Read Error
libpng error: Read Error
libpng error: Read Error
libpng error: Read Error
libpng error: Read Error
libpng error: Read Error
libpng error: Read Error
libpng error: Read Error
libpng error: Read Error
libpng error: Read Error
libpng error: Read Error
libpng error: Read Error
libpng error: Read Error
libpng error: Read Error
libpng error: Read Error
libpng error: Read Error
libpng error: Read Error
libpng error: Read Error
libpng error: Read Error
libpng error: Read Error
libpng error: Read Error
libpng error: Read Error
libpng error: Read Error
libpng error: Read Error
libpng error: Read Error
libpng error: Read Error
libpng error: Read Error
libpng error: Read Error
libpng error: Read Error
libpng error: Read Error
libpng error: Read Error
libpng error: Read Error
libpng error: Read Error
libpng error: Read Error
libpng error: Read Error
libpng error: Read Error
libpng error: Read Error
libpng error: Read Error
libpng error: Read Error
libpng error: Read Error
libpng error: Read Error
libpng error: Read Error
libpng error: Read Error
libpng error: Read Error
libpng error: Read Error
libpng error: Read Error
libpng error: Read Error
libpng error: Read Error
libpng error: Read Error
libpng error: Read Error
libpng error: Read Error
libpng error: Read Error
libpng error: Read Error
libpng error: Read Error
libpng error: Read Error
libpng error: Read Error
libpng error: Read Error
libpng error: Read Error
libpng error: Read Error
libpng error: Read Error
libpng error: Read Error
libpng error: Read Error
libpng error: Read Error
libpng error: Read Error
libpng error: Read Error
libpng error: Read Error
libpng error: Read Error
libpng error: Read Error
libpng error: Read Error
libpng error: Read Error
libpng error: Read Error
libpng error: Read Error
libpng error: Read Error
libpng error: Read Error
libpng error: Read Error
libpng error: Read Error
libpng error: Read Error
libpng error: Read Error
libpng error: Read Error
libpng error: Read Error
libpng error: Read Error
libpng error: Read Error
libpng error: Read Error
libpng error: Read Error
libpng error: Read Error
libpng error: Read Error
libpng error: Read Error
libpng error: Read Error
libpng error: Read Error
libpng error: Read Error
libpng error: Read Error
libpng error: Read Error
libpng error: Read Error
libpng error: Read Error
libpng error: Read Error
libpng error: Read Error
libpng error: Read Error
libpng error: Read Error
libpng error: Read Error
libpng error: Read Error
libpng error: Read Error
libpng error: Read Error
libpng error: Read Error
libpng error: Read Error
libpng error: Read Error
libpng error: Read Error
libpng error: Read Error
libpng error: Read Error
libpng error: Read Error
libpng error: Read Error
libpng error: Read Error
libpng error: Read Error
libpng error: Read Error
libpng error: Read Error
libpng error: Read Error
libpng error: Read Error
libpng error: Read Error
libpng error: Read Error
libpng error: Read Error
libpng error: Read Error
libpng error: Read Error
libpng error: Read Error
libpng error: Read Error
libpng error: Read Error
libpng error: Read Error
libpng error: Read Error
libpng error: Read Error
libpng error: Read Error
libpng error: Read Error
libpng error: Read Error
libpng error: Read Error
libpng error: Read Error
libpng error: Read Error
libpng error: Read Error
libpng error: Read Error
libpng error: Read Error
libpng error: Read Error
libpng error: Read Error
libpng error: Read Error
libpng error: Read Error
libpng error: Read Error
libpng error: Read Error
libpng error: Read Error
libpng error: Read Error
libpng error: Read Error
libpng error: Read Error
libpng error: Read Error
libpng error: Read Error
libpng error: Read Error
libpng error: Read Error
libpng error: Read Error
libpng error: Read Error
libpng error: Read Error
libpng error: Read Error
libpng error: Read Error
libpng error: Read Error
libpng error: Read Error
libpng error: Read Error
libpng error: Read Error
libpng error: Read Error
libpng error: Read Error
libpng error: Read Error
libpng error: Read Error
libpng error: Read Error
libpng error: Read Error
libpng error: Read Error
libpng error: Read Error
libpng error: Read Error
libpng error: Read Error
libpng error: Read Error
libpng error: Read Error
libpng error: Read Error
libpng error: Read Error
libpng error: Read Error
libpng error: Read Error
libpng error: Read Error
libpng error: Read Error
libpng error: Read Error
libpng error: Read Error
libpng error: Read Error
libpng error: Read Error
libpng error: Read Error
libpng error: Read Error
libpng error: Read Error
libpng error: Read Error
libpng error: Read Error
libpng error: Read Error
libpng error: Read Error
libpng error: Read Error
libpng error: Read Error
libpng error: Read Error
libpng error: Read Error
libpng error: Read Error
libpng error: Read Error
libpng error: Read Error
libpng error: Read Error
libpng error: Read Error
libpng error: Read Error
libpng error: Read Error
libpng error: Read Error
libpng error: Read Error
libpng error: Read Error
libpng error: Read Error
libpng error: Read Error
libpng error: Read Error
libpng error: Read Error
libpng error: Read Error
libpng error: Read Error
libpng error: Read Error
libpng error: Read Error
libpng error: Read Error
libpng error: Read Error
libpng error: Read Error
libpng error: Read Error
libpng error: Read Error
libpng error: Read Error
libpng error: Read Error
libpng error: Read Error
libpng error: Read Error
libpng error: Read Error
libpng error: Read Error
libpng error: Read Error
libpng error: Read Error
libpng error: Read Error
libpng error: Read Error
libpng error: Read Error
libpng error: Read Error
libpng error: Read Error
libpng error: Read Error
libpng error: Read Error
libpng error: Read Error
libpng error: Read Error
libpng error: Read Error
libpng error: Read Error
libpng error: Read Error
libpng error: Read Error
libpng error: Read Error
libpng error: Read Error
libpng error: Read Error
libpng error: Read Error
libpng error: Read Error
libpng error: Read Error
libpng error: Read Error
libpng error: Read Error
libpng error: Read Error
libpng error: Read Error
libpng error: Read Error
libpng error: Read Error
libpng error: Read Error
libpng error: Read Error
libpng error: Read Error
libpng error: Read Error
libpng error: Read Error
libpng error: Read Error
libpng error: Read Error
libpng error: Read Error
libpng error: Read Error
libpng error: Read Error
libpng error: Read Error
libpng error: Read Error
libpng error: Read Error
libpng error: Read Error
libpng error: Read Error
libpng error: Read Error
libpng error: Read Error
libpng error: Read Error
libpng error: Read Error
libpng error: Read Error
libpng error: Read Error
libpng error: Read Error
libpng error: Read Error
libpng error: Read Error
libpng error: Read Error
libpng error: Read Error
libpng error: Read Error
libpng error: Read Error
libpng error: Read Error
libpng error: Read Error
libpng error: Read Error
libpng error: Read Error
libpng error: Read Error
libpng error: Read Error
libpng error: Read Error
libpng error: Read Error
libpng error: Read Error
libpng error: Read Error
libpng error: Read Error
libpng error: Read Error
libpng error: Read Error
libpng error: Read Error
libpng error: Read Error
libpng error: Read Error
libpng error: Read Error
libpng error: Read Error
libpng error: Read Error
libpng error: Read Error
libpng error: Read Error
libpng error: Read Error
libpng error: Read Error
libpng error: Read Error
libpng error: Read Error
libpng error: Read Error
libpng error: Read Error
libpng error: Read Error
libpng error: Read Error
libpng error: Read Error
libpng error: Read Error
libpng error: Read Error
libpng error: Read Error
libpng error: Read Error
libpng error: Read Error
libpng error: Read Error
libpng error: Read Error
libpng error: Read Error
libpng error: Read Error
libpng error: Read Error
libpng error: Read Error
libpng error: Read Error
libpng error: Read Error
libpng error: Read Error
libpng error: Read Error
libpng error: Read Error
libpng error: Read Error
libpng error: Read Error
libpng error: Read Error
libpng error: Read Error
libpng error: Read Error
libpng error: Read Error
libpng error: Read Error
libpng error: Read Error
libpng error: Read Error
libpng error: Read Error
libpng error: Read Error
libpng error: Read Error
libpng error: Read Error
libpng error: Read Error
libpng error: Read Error
libpng error: Read Error
libpng error: Read Error
libpng error: Read Error
libpng error: Read Error
libpng error: Read Error
libpng error: Read Error
libpng error: Read Error
libpng error: Read Error
libpng error: Read Error
libpng error: Read Error
libpng error: Read Error
libpng error: Read Error
libpng error: Read Error
libpng error: Read Error
libpng error: Read Error
libpng error: Read Error
libpng error: Read Error
libpng error: Read Error
libpng error: Read Error
libpng error: Read Error
libpng error: Read Error
libpng error: Read Error
libpng error: Read Error
libpng error: Read Error
libpng error: Read Error
libpng error: Read Error
libpng error: Read Error
libpng error: Read Error
libpng error: Read Error
libpng error: Read Error
libpng error: Read Error
libpng error: Read Error
libpng error: Read Error
libpng error: Read Error
libpng error: Read Error
libpng error: Read Error
libpng error: Read Error
libpng error: Read Error
libpng error: Read Error
libpng error: Read Error
libpng error: Read Error
libpng error: Read Error
libpng error: Read Error
libpng error: Read Error
libpng error: Read Error
libpng error: Read Error
libpng error: Read Error
libpng error: Read Error
libpng error: Read Error
libpng error: Read Error
libpng error: Read Error
libpng error: Read Error
libpng error: Read Error
libpng error: Read Error
libpng error: Read Error
libpng error: Read Error
libpng error: Read Error
libpng error: Read Error
libpng error: Read Error
libpng error: Read Error
libpng error: Read Error
libpng error: Read Error
libpng error: Read Error
libpng error: Read Error
libpng error: Read Error
libpng error: Read Error
libpng error: Read Error
libpng error: Read Error
libpng error: Read Error
libpng error: Read Error
libpng error: Read Error
libpng error: Read Error
libpng error: Read Error
libpng error: Read Error
libpng error: Read Error
libpng error: Read Error
libpng error: Read Error
libpng error: Read Error
libpng error: Read Error
libpng error: Read Error
libpng error: Read Error
libpng error: Read Error
libpng error: Read Error
libpng error: Read Error
libpng error: Read Error
libpng error: Read Error
libpng error: Read Error
libpng error: Read Error
libpng error: Read Error
libpng error: Read Error
libpng error: Read Error
libpng error: Read Error
libpng error: Read Error
libpng error: Read Error
libpng error: Read Error
libpng error: Read Error
libpng error: Read Error
libpng error: Read Error
libpng error: Read Error
libpng error: Read Error
libpng error: Read Error
libpng error: Read Error
libpng error: Read Error
libpng error: Read Error
libpng error: Read Error
libpng error: Read Error
libpng error: Read Error
libpng error: Read Error
libpng error: Read Error
libpng error: Read Error
libpng error: Read Error
libpng error: Read Error
libpng error: Read Error
libpng error: Read Error
libpng error: Read Error
libpng error: Read Error
libpng error: Read Error
libpng error: Read Error
libpng error: Read Error
libpng error: Read Error
libpng error: Read Error
libpng error: Read Error
libpng error: Read Error
libpng error: Read Error
libpng error: Read Error
libpng error: Read Error
libpng error: Read Error
libpng error: Read Error
libpng error: Read Error
libpng error: Read Error
libpng error: Read Error
libpng error: Read Error
libpng error: Read Error
libpng error: Read Error
libpng error: Read Error
libpng error: Read Error
libpng error: Read Error
libpng error: Read Error
libpng error: Read Error
libpng error: Read Error
libpng error: Read Error
libpng error: Read Error
libpng error: Read Error
libpng error: Read Error
libpng error: Read Error
libpng error: Read Error
libpng error: Read Error
libpng error: Read Error
libpng error: Read Error
libpng error: Read Error
libpng error: Read Error
libpng error: Read Error
libpng error: Read Error
libpng error: Read Error
libpng error: Read Error
libpng error: Read Error
libpng error: Read Error
libpng error: Read Error
libpng error: Read Error
libpng error: Read Error
libpng error: Read Error
libpng error: Read Error
libpng error: Read Error
libpng error: Read Error
libpng error: Read Error
libpng error: Read Error
libpng error: Read Error
libpng error: Read Error
libpng error: Read Error
libpng error: Read Error
libpng error: Read Error
libpng error: Read Error
libpng error: Read Error
libpng error: Read Error
libpng error: Read Error
libpng error: Read Error
libpng error: Read Error
libpng error: Read Error
libpng error: Read Error
libpng error: Read Error
libpng error: Read Error
libpng error: Read Error
libpng error: Read Error
libpng error: Read Error
libpng error: Read Error
libpng error: Read Error
libpng error: Read Error
libpng error: Read Error
libpng error: Read Error
libpng error: Read Error
libpng error: Read Error
libpng error: Read Error
libpng error: Read Error
libpng error: Read Error
libpng error: Read Error
libpng error: Read Error
libpng error: Read Error
libpng error: Read Error
libpng error: Read Error
libpng error: Read Error
libpng error: Read Error
libpng error: Read Error
libpng error: Read Error
libpng error: Read Error
libpng error: Read Error
libpng error: Read Error
libpng error: Read Error
libpng error: Read Error
libpng error: Read Error
libpng error: Read Error
libpng error: Read Error
libpng error: Read Error
libpng error: Read Error
libpng error: Read Error
libpng error: Read Error
libpng error: Read Error
libpng error: Read Error
libpng error: Read Error
libpng error: Read Error
libpng error: Read Error
libpng error: Read Error
libpng error: Read Error
libpng error: Read Error
libpng error: Read Error
libpng error: Read Error
libpng error: Read Error
libpng error: Read Error
libpng error: Read Error
libpng error: Read Error
libpng error: Read Error
libpng error: Read Error
libpng error: Read Error
libpng error: Read Error
libpng error: Read Error
libpng error: Read Error
libpng error: Read Error
libpng error: Read Error
libpng error: Read Error
libpng error: Read Error
libpng error: Read Error
libpng error: Read Error
libpng error: Read Error
libpng error: Read Error
libpng error: Read Error
libpng error: Read Error
libpng error: Read Error
libpng error: Read Error
libpng error: Read Error
libpng error: Read Error
libpng error: Read Error
libpng error: Read Error
libpng error: Read Error
libpng error: Read Error
libpng error: Read Error
libpng error: Read Error
libpng error: Read Error
libpng error: Read Error
libpng error: Read Error
libpng error: Read Error
libpng error: Read Error
libpng error: Read Error
libpng error: Read Error
libpng error: Read Error
libpng error: Read Error
libpng error: Read Error
libpng error: Read Error
libpng error: Read Error
libpng error: Read Error
libpng error: Read Error
libpng error: Read Error
libpng error: Read Error
libpng error: Read Error
libpng error: Read Error
libpng error: Read Error
libpng error: Read Error
libpng error: Read Error
libpng error: Read Error
libpng error: Read Error
libpng error: Read Error
libpng error: Read Error
libpng error: Read Error
libpng error: Read Error
libpng error: Read Error
libpng error: Read Error
libpng error: Read Error
libpng error: Read Error
libpng error: Read Error
libpng error: Read Error
libpng error: Read Error
libpng error: Read Error
libpng error: Read Error
libpng error: Read Error
libpng error: Read Error
libpng error: Read Error
libpng error: Read Error
libpng error: Read Error
libpng error: Read Error
libpng error: Read Error
libpng error: Read Error
libpng error: Read Error
libpng error: Read Error
libpng error: Read Error
libpng error: Read Error
libpng error: Read Error
libpng error: Read Error
libpng error: Read Error
libpng error: Read Error
libpng error: Read Error
libpng error: Read Error
libpng error: Read Error
libpng error: Read Error
libpng error: Read Error
libpng error: Read Error
libpng error: Read Error
libpng error: Read Error
libpng error: Read Error
libpng error: Read Error
libpng error: Read Error
libpng error: Read Error
libpng error: Read Error
libpng error: Read Error
libpng error: Read Error
libpng error: Read Error
libpng error: Read Error
libpng error: Read Error
libpng error: Read Error
libpng error: Read Error
libpng error: Read Error
libpng error: Read Error
libpng error: Read Error
libpng error: Read Error
libpng error: Read Error
libpng error: Read Error
libpng error: Read Error
libpng error: Read Error
libpng error: Read Error
libpng error: Read Error
libpng error: Read Error
libpng error: Read Error
libpng error: Read Error
libpng error: Read Error
libpng error: Read Error
libpng error: Read Error
libpng error: Read Error
libpng error: Read Error
libpng error: Read Error
libpng error: Read Error
libpng error: Read Error
libpng error: Read Error
libpng error: Read Error
libpng error: Read Error
libpng error: Read Error
libpng error: Read Error
libpng error: Read Error
libpng error: Read Error
libpng error: Read Error
libpng error: Read Error
libpng error: Read Error
libpng error: Read Error
libpng error: Read Error
libpng error: Read Error
libpng error: Read Error
libpng error: Read Error
libpng error: Read Error
libpng error: Read Error
libpng error: Read Error
libpng error: Read Error
libpng error: Read Error
libpng error: Read Error
libpng error: Read Error
libpng error: Read Error
libpng error: Read Error
libpng error: Read Error
libpng error: Read Error
libpng error: Read Error
libpng error: Read Error
libpng error: Read Error
libpng error: Read Error
libpng error: Read Error
libpng error: Read Error
libpng error: Read Error
libpng error: Read Error
libpng error: Read Error
libpng error: Read Error
libpng error: Read Error
libpng error: Read Error
libpng error: Read Error
libpng error: Read Error
libpng error: Read Error
libpng error: Read Error
libpng error: Read Error
libpng error: Read Error
libpng error: Read Error
libpng error: Read Error
libpng error: Read Error
libpng error: Read Error
libpng error: Read Error
libpng error: Read Error
libpng error: Read Error
libpng error: Read Error
libpng error: Read Error
libpng error: Read Error
libpng error: Read Error
libpng error: Read Error
libpng error: Read Error
libpng error: Read Error
libpng error: Read Error
libpng error: Read Error
libpng error: Read Error
libpng error: Read Error
libpng error: Read Error
libpng error: Read Error
libpng error: Read Error
libpng error: Read Error
libpng error: Read Error
libpng error: Read Error
libpng error: Read Error
libpng error: Read Error
libpng error: Read Error
libpng error: Read Error
libpng error: Read Error
libpng error: Read Error
libpng error: Read Error
libpng error: Read Error
libpng error: Read Error
libpng error: Read Error
libpng error: Read Error
libpng error: Read Error
libpng error: Read Error
libpng error: Read Error
libpng error: Read Error
libpng error: Read Error
libpng error: Read Error
libpng error: Read Error
libpng error: Read Error
libpng error: Read Error
libpng error: Read Error
libpng error: Read Error
libpng error: Read Error
libpng error: Read Error
libpng error: Read Error
libpng error: Read Error
libpng error: Read Error
libpng error: Read Error
libpng error: Read Error
libpng error: Read Error
libpng error: Read Error
libpng error: Read Error
libpng error: Read Error
libpng error: Read Error
libpng error: Read Error
libpng error: Read Error
libpng error: Read Error
libpng error: Read Error
libpng error: Read Error
libpng error: Read Error
libpng error: Read Error
libpng error: Read Error
libpng error: Read Error
libpng error: Read Error
libpng error: Read Error
libpng error: Read Error
libpng error: Read Error
libpng error: Read Error
libpng error: Read Error
libpng error: Read Error
libpng error: Read Error
libpng error: Read Error
libpng error: Read Error
libpng error: Read Error
libpng error: Read Error
libpng error: Read Error
libpng error: Read Error
libpng error: Read Error
libpng error: Read Error
libpng error: Read Error
libpng error: Read Error
libpng error: Read Error
libpng error: Read Error
libpng error: Read Error
libpng error: Read Error
libpng error: Read Error
libpng error: Read Error
libpng error: Read Error
libpng error: Read Error
libpng error: Read Error
libpng error: Read Error
libpng error: Read Error
libpng error: Read Error
libpng error: Read Error
libpng error: Read Error
libpng error: Read Error
libpng error: Read Error
libpng error: Read Error
libpng error: Read Error
libpng error: Read Error
libpng error: Read Error
libpng error: Read Error
libpng error: Read Error
libpng error: Read Error
libpng error: Read Error
libpng error: Read Error
libpng error: Read Error
libpng error: Read Error
libpng error: Read Error
libpng error: Read Error
libpng error: Read Error
libpng error: Read Error
libpng error: Read Error
libpng error: Read Error
libpng error: Read Error
libpng error: Read Error
libpng error: Read Error
libpng error: Read Error
libpng error: Read Error
libpng error: Read Error
libpng error: Read Error
libpng error: Read Error
libpng error: Read Error
libpng error: Read Error
libpng error: Read Error
libpng error: Read Error
libpng error: Read Error
libpng error: Read Error
libpng error: Read Error
libpng error: Read Error
libpng error: Read Error
libpng error: Read Error
libpng error: Read Error
libpng error: Read Error
libpng error: Read Error
libpng error: Read Error
libpng error: Read Error
libpng error: Read Error
libpng error: Read Error
libpng error: Read Error
libpng error: Read Error
libpng error: Read Error
libpng error: Read Error
libpng error: Read Error
libpng error: Read Error
libpng error: Read Error
libpng error: Read Error
libpng error: Read Error
libpng error: Read Error
libpng error: Read Error
libpng error: Read Error
libpng error: Read Error
libpng error: Read Error
libpng error: Read Error
libpng error: Read Error
libpng error: Read Error
libpng error: Read Error
libpng error: Read Error
libpng error: Read Error
libpng error: Read Error
libpng error: Read Error
libpng error: Read Error
libpng error: Read Error
libpng error: Read Error
libpng error: Read Error
libpng error: Read Error
libpng error: Read Error
libpng error: Read Error
libpng error: Read Error
libpng error: Read Error
libpng error: Read Error
libpng error: Read Error
libpng error: Read Error
libpng error: Read Error
libpng error: Read Error
libpng error: Read Error
libpng error: Read Error
libpng error: Read Error
libpng error: Read Error
libpng error: Read Error
libpng error: Read Error
libpng error: Read Error
libpng error: Read Error
libpng error: Read Error
libpng error: Read Error
libpng error: Read Error
libpng error: Read Error
libpng error: Read Error
libpng error: Read Error
libpng error: Read Error
libpng error: Read Error
libpng error: Read Error
libpng error: Read Error
libpng error: Read Error
libpng error: Read Error
libpng error: Read Error
libpng error: Read Error
libpng error: Read Error
libpng error: Read Error
libpng error: Read Error
libpng error: Read Error
libpng error: Read Error
libpng error: Read Error
libpng error: Read Error
libpng error: Read Error
libpng error: Read Error
libpng error: Read Error
libpng error: Read Error
libpng error: Read Error
libpng error: Read Error
libpng error: Read Error
libpng error: Read Error
libpng error: Read Error
libpng error: Read Error
libpng error: Read Error
libpng error: Read Error
libpng error: Read Error
libpng error: Read Error
libpng error: Read Error
libpng error: Read Error
libpng error: Read Error
libpng error: Read Error
libpng error: Read Error
libpng error: Read Error
libpng error: Read Error
libpng error: Read Error
libpng error: Read Error
libpng error: Read Error
libpng error: Read Error
libpng error: Read Error
libpng error: Read Error
libpng error: Read Error
libpng error: Read Error
libpng error: Read Error
libpng error: Read Error
libpng error: Read Error
libpng error: Read Error
libpng error: Read Error
libpng error: Read Error
libpng error: Read Error
libpng error: Read Error
libpng error: Read Error
libpng error: Read Error
libpng error: Read Error
libpng error: Read Error
libpng error: Read Error
libpng error: Read Error
libpng error: Read Error
libpng error: Read Error
libpng error: Read Error
libpng error: Read Error
libpng error: Read Error
libpng error: Read Error
libpng error: Read Error
libpng error: Read Error
libpng error: Read Error
libpng error: Read Error
libpng error: Read Error
libpng error: Read Error
libpng error: Read Error
libpng error: Read Error
libpng error: Read Error
libpng error: Read Error
libpng error: Read Error
libpng error: Read Error
libpng error: Read Error
libpng error: Read Error
libpng error: Read Error
libpng error: Read Error
libpng error: Read Error
libpng error: Read Error
libpng error: Read Error
libpng error: Read Error
libpng error: Read Error
libpng error: Read Error
libpng error: Read Error
libpng error: Read Error
libpng error: Read Error
libpng error: Read Error
libpng error: Read Error
libpng error: Read Error
libpng error: Read Error
libpng error: Read Error
libpng error: Read Error
libpng error: Read Error
libpng error: Read Error
libpng error: Read Error
libpng error: Read Error
libpng error: Read Error
libpng error: Read Error
libpng error: Read Error
libpng error: Read Error
libpng error: Read Error
libpng error: Read Error
libpng error: Read Error
libpng error: Read Error
libpng error: Read Error
libpng error: Read Error
libpng error: Read Error
libpng error: Read Error
libpng error: Read Error
libpng error: Read Error
libpng error: Read Error
libpng error: Read Error
libpng error: Read Error
libpng error: Read Error
libpng error: Read Error
libpng error: Read Error
libpng error: Read Error
libpng error: Read Error
libpng error: Read Error
libpng error: Read Error
libpng error: Read Error
libpng error: Read Error
libpng error: Read Error
libpng error: Read Error
libpng error: Read Error
libpng error: Read Error
libpng error: Read Error
libpng error: Read Error
libpng error: Read Error
libpng error: Read Error
libpng error: Read Error
libpng error: Read Error
libpng error: Read Error
libpng error: Read Error
libpng error: Read Error
libpng error: Read Error
libpng error: Read Error
libpng error: Read Error
libpng error: Read Error
libpng error: Read Error
libpng error: Read Error
libpng error: Read Error
libpng error: Read Error
libpng error: Read Error
libpng error: Read Error
libpng error: Read Error
libpng error: Read Error
libpng error: Read Error
libpng error: Read Error
libpng error: Read Error
libpng error: Read Error
libpng error: Read Error
libpng error: Read Error
libpng error: Read Error
libpng error: Read Error
libpng error: Read Error
libpng error: Read Error
libpng error: Read Error
libpng error: Read Error
libpng error: Read Error
libpng error: Read Error
libpng error: Read Error
libpng error: Read Error
libpng error: Read Error
libpng error: Read Error
libpng error: Read Error
libpng error: Read Error
libpng error: Read Error
libpng error: Read Error
libpng error: Read Error
libpng error: Read Error
libpng error: Read Error
libpng error: Read Error
libpng error: Read Error
libpng error: Read Error
libpng error: Read Error
libpng error: Read Error
libpng error: Read Error
libpng error: Read Error
libpng error: Read Error
libpng error: Read Error
libpng error: Read Error
libpng error: Read Error
libpng error: Read Error
libpng error: Read Error
libpng error: Read Error
libpng error: Read Error
libpng error: Read Error
libpng error: Read Error
libpng error: Read Error
libpng error: Read Error
libpng error: Read Error
libpng error: Read Error
libpng error: Read Error
libpng error: Read Error
libpng error: Read Error
libpng error: Read Error
libpng error: Read Error
libpng error: Read Error
libpng error: Read Error
libpng error: Read Error
libpng error: Read Error
libpng error: Read Error
libpng error: Read Error
libpng error: Read Error
libpng error: Read Error
libpng error: Read Error
libpng error: Read Error
libpng error: Read Error
libpng error: Read Error
libpng error: Read Error
libpng error: Read Error
libpng error: Read Error
libpng error: Read Error
libpng error: Read Error
libpng error: Read Error
libpng error: Read Error
libpng error: Read Error
libpng error: Read Error
libpng error: Read Error
libpng error: Read Error
libpng error: Read Error
libpng error: Read Error
libpng error: Read Error
libpng error: Read Error
libpng error: Read Error
libpng error: Read Error
libpng error: Read Error
libpng error: Read Error
libpng error: Read Error
libpng error: Read Error
libpng error: Read Error
libpng error: Read Error
libpng error: Read Error
libpng error: Read Error
libpng error: Read Error
libpng error: Read Error
libpng error: Read Error
libpng error: Read Error
libpng error: Read Error
libpng error: Read Error
libpng error: Read Error
libpng error: Read Error
libpng error: Read Error
libpng error: Read Error
libpng error: Read Error
libpng error: Read Error
libpng error: Read Error
libpng error: Read Error
libpng error: Read Error
libpng error: Read Error
libpng error: Read Error
libpng error: Read Error
libpng error: Read Error
libpng error: Read Error
libpng error: Read Error
libpng error: Read Error
libpng error: Read Error
libpng error: Read Error
libpng error: Read Error
libpng error: Read Error
libpng error: Read Error
libpng error: Read Error
libpng error: Read Error
libpng error: Read Error
libpng error: Read Error
libpng error: Read Error
libpng error: Read Error
libpng error: Read Error
libpng error: Read Error
libpng error: Read Error
libpng error: Read Error
libpng error: Read Error
libpng error: Read Error
libpng error: Read Error
libpng error: Read Error
libpng error: Read Error
libpng error: Read Error
libpng error: Read Error
libpng error: Read Error
libpng error: Read Error
libpng error: Read Error
libpng error: Read Error
libpng error: Read Error
libpng error: Read Error
libpng error: Read Error
libpng error: Read Error
libpng error: Read Error
libpng error: Read Error
libpng error: Read Error
libpng error: Read Error
libpng error: Read Error
libpng error: Read Error
libpng error: Read Error
libpng error: Read Error
libpng error: Read Error
libpng error: Read Error
libpng error: Read Error
libpng error: Read Error
libpng error: Read Error
libpng error: Read Error
libpng error: Read Error
libpng error: Read Error
libpng error: Read Error
libpng error: Read Error
libpng error: Read Error
libpng error: Read Error
libpng error: Read Error
libpng error: Read Error
libpng error: Read Error
libpng error: Read Error
libpng error: Read Error
libpng error: Read Error
libpng error: Read Error
libpng error: Read Error
libpng error: Read Error
libpng error: Read Error
libpng error: Read Error
libpng error: Read Error
libpng error: Read Error
libpng error: Read Error
libpng error: Read Error
libpng error: Read Error
libpng error: Read Error
libpng error: Read Error
libpng error: Read Error
libpng error: Read Error
libpng error: Read Error
libpng error: Read Error
libpng error: Read Error
libpng error: Read Error
libpng error: Read Error
libpng error: Read Error
libpng error: Read Error
libpng error: Read Error
libpng error: Read Error
libpng error: Read Error
libpng error: Read Error
libpng error: Read Error
libpng error: Read Error
libpng error: Read Error
libpng error: Read Error
libpng error: Read Error
libpng error: Read Error
libpng error: Read Error
libpng error: Read Error
libpng error: Read Error
libpng error: Read Error
libpng error: Read Error
libpng error: Read Error
libpng error: Read Error
libpng error: Read Error
libpng error: Read Error
libpng error: Read Error
libpng error: Read Error
libpng error: Read Error
libpng error: Read Error
libpng error: Read Error
libpng error: Read Error
libpng error: Read Error
libpng error: Read Error
libpng error: Read Error
libpng error: Read Error
libpng error: Read Error
libpng error: Read Error
libpng error: Read Error
libpng error: Read Error
libpng error: Read Error
libpng error: Read Error
libpng error: Read Error
libpng error: Read Error
libpng error: Read Error
libpng error: Read Error
libpng error: Read Error
libpng error: Read Error
libpng error: Read Error
libpng error: Read Error
libpng error: Read Error
libpng error: Read Error
libpng error: Read Error
libpng error: Read Error
libpng error: Read Error
libpng error: Read Error
libpng error: Read Error
libpng error: Read Error
libpng error: Read Error
libpng error: Read Error
libpng error: Read Error
libpng error: Read Error
libpng error: Read Error
libpng error: Read Error
libpng error: Read Error
libpng error: Read Error
libpng error: Read Error
libpng error: Read Error
libpng error: Read Error
libpng error: Read Error
libpng error: Read Error
libpng error: Read Error
libpng error: Read Error
libpng error: Read Error
libpng error: Read Error
libpng error: Read Error
libpng error: Read Error
libpng error: Read Error
libpng error: Read Error
📦 AID train files found: 8181
✅ Valid pairs: 2581
❌ Skipped (corrupt/mismatch): 1509
📊 Final dataset size: 2581
Traceback (most recent call last):
  File "/home/sushil.ghildiyal/Minor_Satellite_SR_Nimit_Rachit_Dhananjay/training/train_150.py", line 168, in <module>
    train()
  File "/home/sushil.ghildiyal/Minor_Satellite_SR_Nimit_Rachit_Dhananjay/training/train_150.py", line 74, in train
    scaler = torch.amp.GradScaler("cuda")
AttributeError: module 'torch' has no attribute 'amp'
